// Jest Snapshot v1, https://goo.gl/fbAQLP

exports[`TestComponent should render svg child with correct props 1`] = `
<div>
  <div>
    <span
      class="heading"
    >
      Title
    </span>
    <svg
      data-file-name="SvgExampleAsset"
      foo="bar"
      style="height: 100px;"
    />
  </div>
</div>
`;
